[34200:22868:1005/033912.260:WARNING:chrome_main_delegate.cc(745)] This is Chrome version 128.0.6613.138 (not a warning)
[34200:34468:1005/033912.326:ERROR:google_update_settings.cc(265)] Failed opening key Software\Chromium to set usagestats; result: 5
[34200:22868:1005/033912.358:WARNING:account_consistency_mode_manager.cc(77)] Desktop Identity Consistency cannot be enabled as no OAuth client ID and client secret have been configured.
[35724:21324:1005/033941.872:WARNING:frame_impl.cc(430)] virtual CefFrameImpl::SendProcessMessage sent to detached frame 5-D2D8A9D343ECF82016001BF4D8AEDD38 will be ignored
[32948:33872:1005/033942.945:WARNING:codec.cc(525)] Explicitly added H264 constrained baseline to list of supported formats.
[32948:10704:1005/033942.968:WARNING:codec.cc(525)] Explicitly added H264 constrained baseline to list of supported formats.
[32948:10704:1005/033942.969:WARNING:codec.cc(525)] Explicitly added H264 constrained baseline to list of supported formats.
[32948:10704:1005/033942.969:WARNING:codec.cc(525)] Explicitly added H264 constrained baseline to list of supported formats.
[35480:20232:1005/033943.325:ERROR:ssl_client_socket_impl.cc(882)] handshake failed; returned -1, SSL error code 1, net_error -100
[35480:20232:1005/033943.333:ERROR:ssl_client_socket_impl.cc(882)] handshake failed; returned -1, SSL error code 1, net_error -100
[35480:20232:1005/033943.345:WARNING:host_resolver_dns_task.cc(863)] Address list empty after RFC3484 sort
[35480:20232:1005/033943.346:WARNING:host_resolver_dns_task.cc(863)] Address list empty after RFC3484 sort
[35480:20232:1005/033943.347:WARNING:host_resolver_dns_task.cc(863)] Address list empty after RFC3484 sort
[35480:20232:1005/033943.362:ERROR:ssl_client_socket_impl.cc(882)] handshake failed; returned -1, SSL error code 1, net_error -100
[35480:20232:1005/033943.362:ERROR:ssl_client_socket_impl.cc(882)] handshake failed; returned -1, SSL error code 1, net_error -100
[35480:20232:1005/033943.362:ERROR:socket_manager.cc(147)] Failed to resolve address for stun.cloudflare.com., errorcode: -105
[35480:20232:1005/033943.363:ERROR:socket_manager.cc(147)] Failed to resolve address for stun.cloudflare.com., errorcode: -105
[35480:20232:1005/033943.363:ERROR:socket_manager.cc(147)] Failed to resolve address for stun.cloudflare.com., errorcode: -105
[35480:20232:1005/033943.363:ERROR:socket_manager.cc(147)] Failed to resolve address for stun.l.google.com., errorcode: -105
[35480:20232:1005/033943.363:ERROR:socket_manager.cc(147)] Failed to resolve address for stun.l.google.com., errorcode: -105
[35480:20232:1005/033943.363:ERROR:socket_manager.cc(147)] Failed to resolve address for stun.l.google.com., errorcode: -105
[35480:20232:1005/033943.364:ERROR:socket_manager.cc(147)] Failed to resolve address for stun1.l.google.com., errorcode: -105
[35480:20232:1005/033943.364:ERROR:socket_manager.cc(147)] Failed to resolve address for stun1.l.google.com., errorcode: -105
[35480:20232:1005/033943.364:ERROR:socket_manager.cc(147)] Failed to resolve address for stun1.l.google.com., errorcode: -105
[32948:10704:1005/033943.388:WARNING:stun_port.cc(442)] Port[103cc00:0:1:0:host:Net[any:0:0:0:x:x:x:x:x/0:Wildcard:id=0]]: StunPort: stun host lookup received error -1
[32948:10704:1005/033943.388:WARNING:stun_port.cc(442)] Port[103dc00:1:1:0:host:Net[any:0:0:0:x:x:x:x:x/0:Wildcard:id=0]]: StunPort: stun host lookup received error -1
[32948:10704:1005/033943.388:WARNING:stun_port.cc(442)] Port[103e400:2:1:0:host:Net[any:0:0:0:x:x:x:x:x/0:Wildcard:id=0]]: StunPort: stun host lookup received error -1
[32948:10704:1005/033943.388:WARNING:stun_port.cc(442)] Port[103cc00:0:1:0:host:Net[any:0:0:0:x:x:x:x:x/0:Wildcard:id=0]]: StunPort: stun host lookup received error -1
[32948:10704:1005/033943.388:WARNING:stun_port.cc(442)] Port[103dc00:1:1:0:host:Net[any:0:0:0:x:x:x:x:x/0:Wildcard:id=0]]: StunPort: stun host lookup received error -1
[32948:10704:1005/033943.388:WARNING:stun_port.cc(442)] Port[103e400:2:1:0:host:Net[any:0:0:0:x:x:x:x:x/0:Wildcard:id=0]]: StunPort: stun host lookup received error -1
[32948:10704:1005/033943.389:WARNING:stun_port.cc(442)] Port[103cc00:0:1:0:host:Net[any:0:0:0:x:x:x:x:x/0:Wildcard:id=0]]: StunPort: stun host lookup received error -1
[32948:10704:1005/033943.389:WARNING:stun_port.cc(442)] Port[103dc00:1:1:0:host:Net[any:0:0:0:x:x:x:x:x/0:Wildcard:id=0]]: StunPort: stun host lookup received error -1
[32948:10704:1005/033943.389:WARNING:stun_port.cc(442)] Port[103e400:2:1:0:host:Net[any:0:0:0:x:x:x:x:x/0:Wildcard:id=0]]: StunPort: stun host lookup received error -1
[34200:7624:1005/033943.394:WARNING:browser_info.cc(345)] Returning a speculative frame for [8,9]
[34200:22868:1005/033943.547:WARNING:browser_info.cc(345)] Returning a speculative frame for [10,9]
[34200:22868:1005/033943.547:WARNING:browser_info.cc(345)] Returning a speculative frame for [10,9]
[34200:22868:1005/033943.547:WARNING:browser_info.cc(345)] Returning a speculative frame for [10,9]
[34200:22868:1005/033943.547:WARNING:browser_info.cc(345)] Returning a speculative frame for [10,9]
[34200:7624:1005/033943.553:WARNING:browser_info.cc(345)] Returning a speculative frame for [10,9]
[34580:36980:1005/033943.900:WARNING:codec.cc(525)] Explicitly added H264 constrained baseline to list of supported formats.
[34580:34164:1005/033943.944:WARNING:codec.cc(525)] Explicitly added H264 constrained baseline to list of supported formats.
[34580:34164:1005/033943.944:WARNING:codec.cc(525)] Explicitly added H264 constrained baseline to list of supported formats.
[34580:34164:1005/033943.945:WARNING:codec.cc(525)] Explicitly added H264 constrained baseline to list of supported formats.
[35480:20232:1005/033943.989:WARNING:host_resolver_dns_task.cc(863)] Address list empty after RFC3484 sort
[35480:20232:1005/033943.989:WARNING:host_resolver_dns_task.cc(863)] Address list empty after RFC3484 sort
[35480:20232:1005/033943.990:WARNING:host_resolver_dns_task.cc(863)] Address list empty after RFC3484 sort
[35480:20232:1005/033943.990:ERROR:socket_manager.cc(147)] Failed to resolve address for stun1.l.google.com., errorcode: -105
[35480:20232:1005/033943.990:ERROR:socket_manager.cc(147)] Failed to resolve address for stun1.l.google.com., errorcode: -105
[35480:20232:1005/033943.990:ERROR:socket_manager.cc(147)] Failed to resolve address for stun1.l.google.com., errorcode: -105
[35480:20232:1005/033943.990:ERROR:socket_manager.cc(147)] Failed to resolve address for stun.cloudflare.com., errorcode: -105
[35480:20232:1005/033943.990:ERROR:socket_manager.cc(147)] Failed to resolve address for stun.cloudflare.com., errorcode: -105
[35480:20232:1005/033943.990:ERROR:socket_manager.cc(147)] Failed to resolve address for stun.cloudflare.com., errorcode: -105
[35480:20232:1005/033943.991:ERROR:socket_manager.cc(147)] Failed to resolve address for stun.l.google.com., errorcode: -105
[35480:20232:1005/033943.991:ERROR:socket_manager.cc(147)] Failed to resolve address for stun.l.google.com., errorcode: -105
[35480:20232:1005/033943.991:ERROR:socket_manager.cc(147)] Failed to resolve address for stun.l.google.com., errorcode: -105
[34580:34164:1005/033943.991:WARNING:stun_port.cc(442)] Port[1268000:0:1:0:host:Net[any:0:0:0:x:x:x:x:x/0:Wildcard:id=0]]: StunPort: stun host lookup received error -1
[34580:34164:1005/033943.992:WARNING:stun_port.cc(442)] Port[1268400:1:1:0:host:Net[any:0:0:0:x:x:x:x:x/0:Wildcard:id=0]]: StunPort: stun host lookup received error -1
[34580:34164:1005/033943.992:WARNING:stun_port.cc(442)] Port[1268c00:2:1:0:host:Net[any:0:0:0:x:x:x:x:x/0:Wildcard:id=0]]: StunPort: stun host lookup received error -1
[34580:34164:1005/033943.992:WARNING:stun_port.cc(442)] Port[1268000:0:1:0:host:Net[any:0:0:0:x:x:x:x:x/0:Wildcard:id=0]]: StunPort: stun host lookup received error -1
[34580:34164:1005/033943.992:WARNING:stun_port.cc(442)] Port[1268400:1:1:0:host:Net[any:0:0:0:x:x:x:x:x/0:Wildcard:id=0]]: StunPort: stun host lookup received error -1
[34580:34164:1005/033943.992:WARNING:stun_port.cc(442)] Port[1268c00:2:1:0:host:Net[any:0:0:0:x:x:x:x:x/0:Wildcard:id=0]]: StunPort: stun host lookup received error -1
[34580:34164:1005/033943.992:WARNING:stun_port.cc(442)] Port[1268000:0:1:0:host:Net[any:0:0:0:x:x:x:x:x/0:Wildcard:id=0]]: StunPort: stun host lookup received error -1
[34580:34164:1005/033943.992:WARNING:stun_port.cc(442)] Port[1268400:1:1:0:host:Net[any:0:0:0:x:x:x:x:x/0:Wildcard:id=0]]: StunPort: stun host lookup received error -1
[34580:34164:1005/033943.992:WARNING:stun_port.cc(442)] Port[1268c00:2:1:0:host:Net[any:0:0:0:x:x:x:x:x/0:Wildcard:id=0]]: StunPort: stun host lookup received error -1
[34580:36980:1005/033945.437:WARNING:codec.cc(525)] Explicitly added H264 constrained baseline to list of supported formats.
[35480:20232:1005/033953.896:ERROR:ssl_client_socket_impl.cc(882)] handshake failed; returned -1, SSL error code 1, net_error -107
[35480:20232:1005/033956.139:ERROR:ssl_client_socket_impl.cc(882)] handshake failed; returned -1, SSL error code 1, net_error -100
[35480:20232:1005/034002.907:ERROR:ssl_client_socket_impl.cc(882)] handshake failed; returned -1, SSL error code 1, net_error -100
[35480:20232:1005/034006.807:ERROR:ssl_client_socket_impl.cc(882)] handshake failed; returned -1, SSL error code 1, net_error -100
[32948:16824:1005/034153.421:WARNING:frame_impl.cc(430)] virtual CefFrameImpl::SendProcessMessage sent to detached frame 6-20A352677434DEE194D9A4B37A36769A will be ignored
[34200:22868:1005/034641.318:WARNING:pref_notifier_impl.cc(41)] Pref observer for media_router.cast_allow_all_ips found at shutdown.
